// Jest Snapshot v1, https://goo.gl/fbAQLP

exports[`FeedEnd should match the snapshot 1`] = `
<View
  style={
    {
      "flex": 1,
    }
  }
>
  <View
    style={
      {
        "backgroundColor": "#ffffff",
        "flex": 1,
        "zIndex": 1,
      }
    }
  >
    <View
      style={
        {
          "alignItems": "center",
          "justifyContent": "center",
          "paddingVertical": 24,
        }
      }
    >
      <Text
        accessibilityRole="text"
        style={
          {
            "color": "#242424",
            "fontFamily": "Inter_400Regular",
            "fontSize": 14,
            "fontWeight": "400",
            "lineHeight": 20,
          }
        }
      >
        You've reached the end.
      </Text>
      <View
        style={
          [
            {
              "overflow": "hidden",
            },
            {
              "borderRadius": 2,
            },
            undefined,
            false,
          ]
        }
        testID="RNE_BUTTON_WRAPPER"
      >
        <View
          accessibilityRole="button"
          accessibilityState={
            {
              "busy": false,
              "checked": undefined,
              "disabled": false,
              "expanded": undefined,
              "selected": undefined,
            }
          }
          accessibilityValue={
            {
              "max": undefined,
              "min": undefined,
              "now": undefined,
              "text": undefined,
            }
          }
          accessible={true}
          collapsable={false}
          focusable={true}
          onClick={[Function]}
          onResponderGrant={[Function]}
          onResponderMove={[Function]}
          onResponderRelease={[Function]}
          onResponderTerminate={[Function]}
          onResponderTerminationRequest={[Function]}
          onStartShouldSetResponder={[Function]}
          style={
            {
              "opacity": 1,
            }
          }
        >
          <View
            style={
              {
                "alignItems": "center",
                "backgroundColor": "transparent",
                "borderColor": "#84a98c",
                "borderRadius": 2,
                "borderWidth": 0,
                "flexDirection": "row",
                "justifyContent": "center",
                "padding": 8,
                "paddingHorizontal": 10,
                "paddingTop": 4,
              }
            }
          >
            <Text
              style={
                {
                  "color": "#84a98c",
                  "fontSize": 14,
                  "paddingTop": 0,
                  "paddingVertical": 1,
                  "textAlign": "center",
                }
              }
            >
              Wonder why you're seeing this?
            </Text>
          </View>
        </View>
      </View>
    </View>
  </View>
</View>
`;
