// Jest Snapshot v1, https://goo.gl/fbAQLP

exports[`Comment should match the snapshot 1`] = `
<View
  style={
    {
      "flex": 1,
    }
  }
>
  <View
    style={
      {
        "backgroundColor": "#ffffff",
        "flex": 1,
        "zIndex": 1,
      }
    }
  >
    <View
      accessibilityState={
        {
          "busy": undefined,
          "checked": undefined,
          "disabled": undefined,
          "expanded": undefined,
          "selected": undefined,
        }
      }
      accessibilityValue={
        {
          "max": undefined,
          "min": undefined,
          "now": undefined,
          "text": undefined,
        }
      }
      accessible={true}
      collapsable={false}
      focusable={true}
      onBlur={[Function]}
      onClick={[Function]}
      onFocus={[Function]}
      onResponderGrant={[Function]}
      onResponderMove={[Function]}
      onResponderRelease={[Function]}
      onResponderTerminate={[Function]}
      onResponderTerminationRequest={[Function]}
      onStartShouldSetResponder={[Function]}
      style={
        {
          "flexDirection": "row",
          "marginBottom": 12,
        }
      }
    >
      <View
        style={
          {
            "flex": 1,
            "flexDirection": "column",
            "gap": 2,
          }
        }
      >
        <View
          style={
            {
              "alignItems": "center",
              "flexDirection": "row",
            }
          }
        >
          <Text
            accessibilityRole="link"
            href="/profile/1"
            onPress={[Function]}
            style={
              {
                "fontFamily": "Inter_600SemiBold",
                "fontWeight": "600",
              }
            }
          >
            John
             
            Doe
          </Text>
        </View>
        <Text
          accessibilityRole="text"
          style={
            {
              "color": "#242424",
              "fontFamily": "Inter_400Regular",
              "fontSize": 14,
              "fontWeight": "400",
              "lineHeight": 20,
            }
          }
        >
          Test comment
        </Text>
        <View
          style={
            {
              "flexDirection": "row",
              "gap": 8,
            }
          }
        >
          <View
            style={
              [
                {
                  "overflow": "hidden",
                },
                {
                  "borderRadius": 2,
                },
                undefined,
                false,
              ]
            }
            testID="RNE_BUTTON_WRAPPER"
          >
            <View
              accessibilityRole="button"
              accessibilityState={
                {
                  "busy": false,
                  "checked": undefined,
                  "disabled": false,
                  "expanded": undefined,
                  "selected": undefined,
                }
              }
              accessibilityValue={
                {
                  "max": undefined,
                  "min": undefined,
                  "now": undefined,
                  "text": undefined,
                }
              }
              accessible={true}
              collapsable={false}
              focusable={true}
              onClick={[Function]}
              onResponderGrant={[Function]}
              onResponderMove={[Function]}
              onResponderRelease={[Function]}
              onResponderTerminate={[Function]}
              onResponderTerminationRequest={[Function]}
              onStartShouldSetResponder={[Function]}
              style={
                {
                  "opacity": 1,
                }
              }
            >
              <View
                style={
                  {
                    "alignItems": "center",
                    "backgroundColor": "transparent",
                    "borderColor": "#84a98c",
                    "borderRadius": 2,
                    "borderWidth": 0,
                    "flexDirection": "row",
                    "justifyContent": "center",
                    "padding": 8,
                    "paddingHorizontal": 0,
                  }
                }
              >
                <Text
                  style={
                    {
                      "color": "#5e6977",
                      "fontFamily": "Inter_600SemiBold",
                      "fontSize": 12,
                      "fontWeight": "600",
                      "paddingVertical": 1,
                      "textAlign": "center",
                    }
                  }
                >
                  Reply
                </Text>
              </View>
            </View>
          </View>
          <View
            style={
              [
                {
                  "overflow": "hidden",
                },
                {
                  "borderRadius": 2,
                },
                undefined,
                false,
              ]
            }
            testID="RNE_BUTTON_WRAPPER"
          >
            <View
              accessibilityRole="button"
              accessibilityState={
                {
                  "busy": false,
                  "checked": undefined,
                  "disabled": false,
                  "expanded": undefined,
                  "selected": undefined,
                }
              }
              accessibilityValue={
                {
                  "max": undefined,
                  "min": undefined,
                  "now": undefined,
                  "text": undefined,
                }
              }
              accessible={true}
              collapsable={false}
              focusable={true}
              onClick={[Function]}
              onResponderGrant={[Function]}
              onResponderMove={[Function]}
              onResponderRelease={[Function]}
              onResponderTerminate={[Function]}
              onResponderTerminationRequest={[Function]}
              onStartShouldSetResponder={[Function]}
              style={
                {
                  "opacity": 1,
                }
              }
            >
              <View
                style={
                  {
                    "alignItems": "center",
                    "backgroundColor": "transparent",
                    "borderColor": "#84a98c",
                    "borderRadius": 2,
                    "borderWidth": 0,
                    "flexDirection": "row",
                    "justifyContent": "center",
                    "padding": 8,
                    "paddingHorizontal": 0,
                  }
                }
              >
                <Text
                  style={
                    {
                      "color": "#5e6977",
                      "fontFamily": "Inter_600SemiBold",
                      "fontSize": 12,
                      "fontWeight": "600",
                      "paddingVertical": 1,
                      "textAlign": "center",
                    }
                  }
                >
                  View 1 Reply
                </Text>
              </View>
            </View>
          </View>
        </View>
      </View>
      <View
        accessibilityState={
          {
            "busy": undefined,
            "checked": undefined,
            "disabled": undefined,
            "expanded": undefined,
            "selected": undefined,
          }
        }
        accessibilityValue={
          {
            "max": undefined,
            "min": undefined,
            "now": undefined,
            "text": undefined,
          }
        }
        accessible={true}
        collapsable={false}
        focusable={true}
        onBlur={[Function]}
        onClick={[Function]}
        onFocus={[Function]}
        onResponderGrant={[Function]}
        onResponderMove={[Function]}
        onResponderRelease={[Function]}
        onResponderTerminate={[Function]}
        onResponderTerminationRequest={[Function]}
        onStartShouldSetResponder={[Function]}
        style={
          {
            "alignItems": "center",
            "flexDirection": "row",
            "gap": 8,
          }
        }
      >
        <View
          collapsable={false}
          style={
            {
              "transform": [
                {
                  "scale": 1,
                },
              ],
            }
          }
        >
          <View
            style={
              {
                "overflow": "hidden",
              }
            }
            testID="RNE__ICON__CONTAINER"
          >
            <View
              accessibilityRole="button"
              android_ripple={
                {
                  "borderless": false,
                  "color": "rgba(0, 0, 0, 0.3)",
                  "radius": -5,
                }
              }
              disabled={false}
              replaceTheme={[Function]}
              testID="heart"
              updateTheme={[Function]}
            >
              <View
                style={
                  {
                    "alignItems": "center",
                    "backgroundColor": "transparent",
                    "justifyContent": "center",
                  }
                }
                testID="RNE__ICON"
              >
                <Text
                  allowFontScaling={false}
                  selectable={false}
                  style={
                    [
                      {
                        "color": "#ff190c",
                        "fontSize": 18,
                      },
                      {
                        "backgroundColor": "transparent",
                      },
                      {
                        "fontFamily": "FontAwesome",
                        "fontStyle": "normal",
                        "fontWeight": "normal",
                      },
                      {},
                    ]
                  }
                  testID="RNE__ICON__Component"
                >
                  
                </Text>
              </View>
            </View>
          </View>
        </View>
      </View>
    </View>
  </View>
</View>
`;
