// Jest Snapshot v1, https://goo.gl/fbAQLP

exports[`SetupProfileImage should match the snapshot 1`] = `
<View
  style={
    {
      "flex": 1,
    }
  }
>
  <View
    style={
      {
        "backgroundColor": "#ffffff",
        "flex": 1,
        "zIndex": 1,
      }
    }
  >
    <View
      style={
        {
          "alignItems": "center",
          "flex": 1,
          "justifyContent": "center",
        }
      }
    >
      <View
        replaceTheme={[Function]}
        style={
          {
            "backgroundColor": "#bdc6cf",
            "borderRadius": 110,
            "height": 220,
            "marginBottom": 24,
            "width": 220,
          }
        }
        theme={
          {
            "colors": {
              "background": "#ffffff",
              "black": "#242424",
              "disabled": "hsl(208, 8%, 90%)",
              "divider": "#bcbbc1",
              "error": "#ff190c",
              "grey0": "#393e42",
              "grey1": "#43484d",
              "grey2": "#5e6977",
              "grey3": "#86939e",
              "grey4": "#bdc6cf",
              "grey5": "#e1e8ee",
              "greyOutline": "#bbb",
              "inputBackground": "#fff",
              "inputBorder": "#d0d5dd",
              "inputLabel": "#242424",
              "platform": {
                "android": {
                  "error": "#f44336",
                  "grey": "rgba(0, 0, 0, 0.54)",
                  "primary": "#2196f3",
                  "searchBg": "#dcdce1",
                  "secondary": "#9C27B0",
                  "success": "#4caf50",
                  "warning": "#ffeb3b",
                },
                "default": {
                  "error": "#ff3b30",
                  "grey": "#7d7d7d",
                  "primary": "#007aff",
                  "searchBg": "#dcdce1",
                  "secondary": "#5856d6",
                  "success": "#4cd964",
                  "warning": "#ffcc00",
                },
                "ios": {
                  "error": "#ff3b30",
                  "grey": "#7d7d7d",
                  "primary": "#007aff",
                  "searchBg": "#dcdce1",
                  "secondary": "#5856d6",
                  "success": "#4cd964",
                  "warning": "#ffcc00",
                },
                "web": {
                  "error": "#ff190c",
                  "grey": "#393e42",
                  "primary": "#2089dc",
                  "searchBg": "#303337",
                  "secondary": "#ca71eb",
                  "success": "#52c41a",
                  "warning": "#faad14",
                },
              },
              "primary": "#84a98c",
              "primary2": "#6A8770",
              "searchBg": "#303337",
              "secondary": "#ad1457",
              "success": "#52c41a",
              "warning": "#faad14",
              "white": "#ffffff",
            },
            "mode": "light",
            "spacing": {
              "lg": 12,
              "md": 8,
              "sm": 4,
              "xl": 24,
              "xs": 2,
            },
          }
        }
        updateTheme={[Function]}
      >
        <View
          accessibilityIgnoresInvertColors={true}
          style={
            {
              "backgroundColor": "transparent",
              "borderRadius": 110,
              "flex": 1,
              "overflow": "hidden",
              "position": "relative",
            }
          }
        >
          <Image
            borderRadius={110}
            onLoad={[Function]}
            style={
              {
                "bottom": 0,
                "flex": 1,
                "height": undefined,
                "left": 0,
                "position": "absolute",
                "right": 0,
                "top": 0,
                "width": undefined,
              }
            }
            testID="RNE__Avatar__Image"
            transitionDuration={360}
          />
          <View
            accessibilityElementsHidden={false}
            collapsable={false}
            importantForAccessibility="yes"
            pointerEvents="auto"
            style={
              {
                "bottom": 0,
                "left": 0,
                "opacity": 1,
                "position": "absolute",
                "right": 0,
                "top": 0,
              }
            }
          >
            <View
              style={
                {
                  "alignItems": "center",
                  "backgroundColor": "transparent",
                  "flex": 1,
                  "height": undefined,
                  "justifyContent": "center",
                  "width": undefined,
                }
              }
              testID="RNE__Image__placeholder"
            >
              <View
                style={
                  {
                    "overflow": "hidden",
                  }
                }
                testID="RNE__ICON__CONTAINER"
              >
                <View
                  accessibilityRole="button"
                  android_ripple={
                    {
                      "borderless": false,
                      "color": "rgba(0, 0, 0, 0.3)",
                      "radius": -5,
                    }
                  }
                  disabled={false}
                  style={{}}
                  testID="RNE__ICON__CONTAINER_ACTION"
                >
                  <View
                    style={
                      {
                        "alignItems": "center",
                        "backgroundColor": "transparent",
                        "justifyContent": "center",
                      }
                    }
                    testID="RNE__ICON"
                  >
                    <Text
                      allowFontScaling={false}
                      selectable={false}
                      style={
                        [
                          {
                            "color": "white",
                            "fontSize": 110,
                          },
                          {
                            "backgroundColor": "transparent",
                          },
                          {
                            "fontFamily": "feather",
                            "fontStyle": "normal",
                            "fontWeight": "normal",
                          },
                          {},
                        ]
                      }
                      testID="RNE__ICON__Component"
                    >
                      ïˆ„
                    </Text>
                  </View>
                </View>
              </View>
            </View>
          </View>
          <View
            style={
              {
                "flex": 1,
                "height": undefined,
                "width": undefined,
              }
            }
            testID="RNE__Image__children__container"
          />
        </View>
      </View>
      <View
        style={
          {
            "gap": 12,
            "width": "100%",
          }
        }
      >
        <View
          style={
            [
              {
                "overflow": "hidden",
              },
              {
                "borderRadius": 8,
              },
              undefined,
              false,
            ]
          }
          testID="RNE_BUTTON_WRAPPER"
        >
          <View
            accessibilityRole="button"
            accessibilityState={
              {
                "busy": false,
                "checked": undefined,
                "disabled": false,
                "expanded": undefined,
                "selected": undefined,
              }
            }
            accessibilityValue={
              {
                "max": undefined,
                "min": undefined,
                "now": undefined,
                "text": undefined,
              }
            }
            accessible={true}
            collapsable={false}
            focusable={true}
            onClick={[Function]}
            onResponderGrant={[Function]}
            onResponderMove={[Function]}
            onResponderRelease={[Function]}
            onResponderTerminate={[Function]}
            onResponderTerminationRequest={[Function]}
            onStartShouldSetResponder={[Function]}
            style={
              {
                "opacity": 1,
              }
            }
          >
            <View
              style={
                {
                  "alignItems": "center",
                  "backgroundColor": "#84a98c",
                  "borderBottomWidth": 4,
                  "borderColor": "#6A8770",
                  "borderRadius": 8,
                  "borderStyle": "solid",
                  "borderWidth": 1,
                  "flexDirection": "row",
                  "justifyContent": "center",
                  "padding": 12,
                  "paddingHorizontal": 14,
                }
              }
            >
              <Text
                style={
                  {
                    "color": "#fff",
                    "fontSize": 18,
                    "fontWeight": "600",
                    "paddingVertical": 1,
                    "textAlign": "center",
                  }
                }
              >
                Upload an Image
              </Text>
            </View>
          </View>
        </View>
        <View
          style={
            [
              {
                "overflow": "hidden",
              },
              {
                "borderRadius": 8,
              },
              undefined,
              false,
            ]
          }
          testID="RNE_BUTTON_WRAPPER"
        >
          <View
            accessibilityRole="button"
            accessibilityState={
              {
                "busy": false,
                "checked": undefined,
                "disabled": false,
                "expanded": undefined,
                "selected": undefined,
              }
            }
            accessibilityValue={
              {
                "max": undefined,
                "min": undefined,
                "now": undefined,
                "text": undefined,
              }
            }
            accessible={true}
            collapsable={false}
            focusable={true}
            onClick={[Function]}
            onResponderGrant={[Function]}
            onResponderMove={[Function]}
            onResponderRelease={[Function]}
            onResponderTerminate={[Function]}
            onResponderTerminationRequest={[Function]}
            onStartShouldSetResponder={[Function]}
            style={
              {
                "opacity": 1,
              }
            }
          >
            <View
              style={
                {
                  "alignItems": "center",
                  "backgroundColor": "transparent",
                  "borderBottomWidth": 4,
                  "borderColor": "#6A8770",
                  "borderRadius": 8,
                  "borderStyle": "solid",
                  "borderWidth": 1,
                  "flexDirection": "row",
                  "justifyContent": "center",
                  "padding": 12,
                  "paddingHorizontal": 14,
                }
              }
            >
              <Text
                style={
                  {
                    "color": "#84a98c",
                    "fontSize": 18,
                    "fontWeight": "600",
                    "paddingVertical": 1,
                    "textAlign": "center",
                  }
                }
              >
                Take an Image
              </Text>
            </View>
          </View>
        </View>
      </View>
    </View>
  </View>
</View>
`;
