// Jest Snapshot v1, https://goo.gl/fbAQLP

exports[`Camera should match the snapshot 1`] = `
<View
  style={
    {
      "flex": 1,
    }
  }
>
  <View
    style={
      {
        "backgroundColor": "#ffffff",
        "flex": 1,
        "zIndex": 1,
      }
    }
  >
    <View
      animatedStyle={
        {
          "value": {},
        }
      }
      collapsable={false}
      entering={
        SlideInDown {
          "build": [Function],
          "durationV": 500,
          "randomizeDelay": false,
        }
      }
      exiting={
        SlideOutUp {
          "build": [Function],
          "durationV": 500,
          "randomizeDelay": false,
        }
      }
      style={
        {
          "flex": 1,
          "height": 1409,
          "position": "absolute",
          "width": 750,
        }
      }
    >
      <ViewManagerAdapter_ExponentCamera
        onCameraReady={[Function]}
        onFacesDetected={[Function]}
        onMountError={[Function]}
        onPictureSaved={[Function]}
        proxiedProperties={
          {
            "autoFocus": undefined,
            "faceDetectorSettings": {},
            "flashMode": undefined,
            "focusDepth": 0,
            "type": undefined,
            "whiteBalance": undefined,
            "zoom": 0,
          }
        }
        style={
          {
            "flex": 1,
          }
        }
        testID="camera"
      >
        <View
          style={
            {
              "flex": 1,
              "flexDirection": "row",
              "justifyContent": "space-between",
              "marginHorizontal": 20,
              "marginTop": 60,
            }
          }
        >
          <View
            accessibilityLabel="Close camera"
            accessibilityState={
              {
                "busy": undefined,
                "checked": undefined,
                "disabled": undefined,
                "expanded": undefined,
                "selected": undefined,
              }
            }
            accessibilityValue={
              {
                "max": undefined,
                "min": undefined,
                "now": undefined,
                "text": undefined,
              }
            }
            accessible={true}
            collapsable={false}
            focusable={true}
            onBlur={[Function]}
            onClick={[Function]}
            onFocus={[Function]}
            onResponderGrant={[Function]}
            onResponderMove={[Function]}
            onResponderRelease={[Function]}
            onResponderTerminate={[Function]}
            onResponderTerminationRequest={[Function]}
            onStartShouldSetResponder={[Function]}
          >
            <Text
              allowFontScaling={false}
              selectable={false}
              style={
                [
                  {
                    "color": "white",
                    "fontSize": 24,
                  },
                  undefined,
                  {
                    "fontFamily": "feather",
                    "fontStyle": "normal",
                    "fontWeight": "normal",
                  },
                  {},
                ]
              }
            >
              
            </Text>
          </View>
          <View
            accessibilityLabel="Flip camera"
            accessibilityState={
              {
                "busy": undefined,
                "checked": undefined,
                "disabled": undefined,
                "expanded": undefined,
                "selected": undefined,
              }
            }
            accessibilityValue={
              {
                "max": undefined,
                "min": undefined,
                "now": undefined,
                "text": undefined,
              }
            }
            accessible={true}
            collapsable={false}
            focusable={true}
            onBlur={[Function]}
            onClick={[Function]}
            onFocus={[Function]}
            onResponderGrant={[Function]}
            onResponderMove={[Function]}
            onResponderRelease={[Function]}
            onResponderTerminate={[Function]}
            onResponderTerminationRequest={[Function]}
            onStartShouldSetResponder={[Function]}
          >
            <Text
              allowFontScaling={false}
              selectable={false}
              style={
                [
                  {
                    "color": "white",
                    "fontSize": 21,
                  },
                  undefined,
                  {
                    "fontFamily": "feather",
                    "fontStyle": "normal",
                    "fontWeight": "normal",
                  },
                  {},
                ]
              }
            >
              
            </Text>
          </View>
        </View>
        <View
          style={
            {
              "alignItems": "center",
              "flexDirection": "row",
              "justifyContent": "center",
              "marginBottom": 100,
              "marginHorizontal": 20,
            }
          }
        >
          <View
            accessibilityLabel="Go to library"
            accessibilityState={
              {
                "busy": undefined,
                "checked": undefined,
                "disabled": undefined,
                "expanded": undefined,
                "selected": undefined,
              }
            }
            accessibilityValue={
              {
                "max": undefined,
                "min": undefined,
                "now": undefined,
                "text": undefined,
              }
            }
            accessible={true}
            collapsable={false}
            focusable={true}
            onBlur={[Function]}
            onClick={[Function]}
            onFocus={[Function]}
            onResponderGrant={[Function]}
            onResponderMove={[Function]}
            onResponderRelease={[Function]}
            onResponderTerminate={[Function]}
            onResponderTerminationRequest={[Function]}
            onStartShouldSetResponder={[Function]}
            style={
              {
                "left": 0,
                "position": "absolute",
              }
            }
          >
            <Text
              allowFontScaling={false}
              selectable={false}
              style={
                [
                  {
                    "color": "white",
                    "fontSize": 32,
                  },
                  undefined,
                  {
                    "fontFamily": "feather",
                    "fontStyle": "normal",
                    "fontWeight": "normal",
                  },
                  {},
                ]
              }
            >
              
            </Text>
          </View>
          <View
            accessibilityLabel="Capture image"
            accessibilityState={
              {
                "busy": undefined,
                "checked": undefined,
                "disabled": undefined,
                "expanded": undefined,
                "selected": undefined,
              }
            }
            accessibilityValue={
              {
                "max": undefined,
                "min": undefined,
                "now": undefined,
                "text": undefined,
              }
            }
            accessible={true}
            collapsable={false}
            focusable={true}
            onBlur={[Function]}
            onClick={[Function]}
            onFocus={[Function]}
            onResponderGrant={[Function]}
            onResponderMove={[Function]}
            onResponderRelease={[Function]}
            onResponderTerminate={[Function]}
            onResponderTerminationRequest={[Function]}
            onStartShouldSetResponder={[Function]}
            style={
              {
                "borderColor": "#fff",
                "borderRadius": 50,
                "borderWidth": 3,
                "height": 86,
                "justifyContent": "center",
                "width": 86,
              }
            }
          >
            <View
              style={
                {
                  "alignSelf": "center",
                  "backgroundColor": "#fff",
                  "borderColor": "#000",
                  "borderRadius": 50,
                  "borderStyle": "solid",
                  "borderWidth": 3,
                  "height": 80,
                  "justifyContent": "center",
                  "width": 80,
                }
              }
            />
          </View>
        </View>
        <View
          style={
            {
              "alignItems": "center",
              "backgroundColor": "rgba(0, 0, 0, 0.75)",
              "bottom": 0,
              "flex": 1,
              "justifyContent": "center",
              "left": 0,
              "position": "absolute",
              "right": 0,
              "top": 0,
            }
          }
        >
          <Text
            accessibilityRole="text"
            style={
              {
                "color": "#fff",
                "fontFamily": "Inter_700Bold",
                "fontSize": 32,
                "fontWeight": "700",
                "lineHeight": 40,
                "textAlign": "center",
              }
            }
          >
            Travelry needs access to your camera
          </Text>
          <Text
            accessibilityRole="text"
            style={
              {
                "color": "#fff",
                "fontFamily": "Inter_400Regular",
                "fontSize": 16,
                "fontWeight": "400",
                "lineHeight": 20,
                "marginBottom": 24,
                "marginTop": 8,
                "textAlign": "center",
              }
            }
          >
            Click the button below enable it
          </Text>
          <View
            style={
              [
                {
                  "overflow": "hidden",
                },
                {
                  "borderRadius": 8,
                },
                undefined,
                false,
              ]
            }
            testID="RNE_BUTTON_WRAPPER"
          >
            <View
              accessibilityRole="button"
              accessibilityState={
                {
                  "busy": false,
                  "checked": undefined,
                  "disabled": false,
                  "expanded": undefined,
                  "selected": undefined,
                }
              }
              accessibilityValue={
                {
                  "max": undefined,
                  "min": undefined,
                  "now": undefined,
                  "text": undefined,
                }
              }
              accessible={true}
              collapsable={false}
              focusable={true}
              onClick={[Function]}
              onResponderGrant={[Function]}
              onResponderMove={[Function]}
              onResponderRelease={[Function]}
              onResponderTerminate={[Function]}
              onResponderTerminationRequest={[Function]}
              onStartShouldSetResponder={[Function]}
              style={
                {
                  "opacity": 1,
                }
              }
            >
              <View
                style={
                  {
                    "alignItems": "center",
                    "backgroundColor": "#84a98c",
                    "borderBottomWidth": 4,
                    "borderColor": "#6A8770",
                    "borderRadius": 8,
                    "borderStyle": "solid",
                    "borderWidth": 1,
                    "flexDirection": "row",
                    "justifyContent": "center",
                    "padding": 12,
                    "paddingHorizontal": 14,
                  }
                }
              >
                <Text
                  style={
                    {
                      "color": "#fff",
                      "fontSize": 18,
                      "fontWeight": "600",
                      "paddingVertical": 1,
                      "textAlign": "center",
                    }
                  }
                >
                  Open Settings
                </Text>
              </View>
            </View>
          </View>
        </View>
      </ViewManagerAdapter_ExponentCamera>
    </View>
  </View>
</View>
`;
