// Jest Snapshot v1, https://goo.gl/fbAQLP

exports[`Camera Permissions should match the snapshot 1`] = `
<View
  style={
    {
      "flex": 1,
    }
  }
>
  <View
    style={
      {
        "backgroundColor": "#ffffff",
        "flex": 1,
        "zIndex": 1,
      }
    }
  >
    <View
      style={
        {
          "alignItems": "center",
          "backgroundColor": "rgba(0, 0, 0, 0.75)",
          "bottom": 0,
          "flex": 1,
          "justifyContent": "center",
          "left": 0,
          "position": "absolute",
          "right": 0,
          "top": 0,
        }
      }
    >
      <Text
        accessibilityRole="text"
        style={
          {
            "color": "#fff",
            "fontFamily": "Inter_700Bold",
            "fontSize": 32,
            "fontWeight": "700",
            "lineHeight": 40,
            "textAlign": "center",
          }
        }
      >
        Travelry needs access to your camera
      </Text>
      <Text
        accessibilityRole="text"
        style={
          {
            "color": "#fff",
            "fontFamily": "Inter_400Regular",
            "fontSize": 16,
            "fontWeight": "400",
            "lineHeight": 20,
            "marginBottom": 24,
            "marginTop": 8,
            "textAlign": "center",
          }
        }
      >
        Click the button below enable it
      </Text>
      <View
        style={
          [
            {
              "overflow": "hidden",
            },
            {
              "borderRadius": 8,
            },
            undefined,
            false,
          ]
        }
        testID="RNE_BUTTON_WRAPPER"
      >
        <View
          accessibilityRole="button"
          accessibilityState={
            {
              "busy": false,
              "checked": undefined,
              "disabled": false,
              "expanded": undefined,
              "selected": undefined,
            }
          }
          accessibilityValue={
            {
              "max": undefined,
              "min": undefined,
              "now": undefined,
              "text": undefined,
            }
          }
          accessible={true}
          collapsable={false}
          focusable={true}
          onClick={[Function]}
          onResponderGrant={[Function]}
          onResponderMove={[Function]}
          onResponderRelease={[Function]}
          onResponderTerminate={[Function]}
          onResponderTerminationRequest={[Function]}
          onStartShouldSetResponder={[Function]}
          style={
            {
              "opacity": 1,
            }
          }
        >
          <View
            style={
              {
                "alignItems": "center",
                "backgroundColor": "#84a98c",
                "borderBottomWidth": 4,
                "borderColor": "#6A8770",
                "borderRadius": 8,
                "borderStyle": "solid",
                "borderWidth": 1,
                "flexDirection": "row",
                "justifyContent": "center",
                "padding": 12,
                "paddingHorizontal": 14,
              }
            }
          >
            <Text
              style={
                {
                  "color": "#fff",
                  "fontSize": 18,
                  "fontWeight": "600",
                  "paddingVertical": 1,
                  "textAlign": "center",
                }
              }
            >
              Open Settings
            </Text>
          </View>
        </View>
      </View>
    </View>
  </View>
</View>
`;
